[2026-04-23T18:56:08.900Z] GET http://localhost:3000/auth/login → 200 (223ms, ?B)
[2026-04-23T18:56:09.161Z] GET http://localhost:3000/_next/static/media/e8f2fbee2754df70-s.p.0fzkl03jw-sdz.woff2 → pending (?ms, ?B)
[2026-04-23T18:56:09.161Z] GET http://localhost:3000/_next/static/chunks/%5Broot-of-the-server%5D__0q_9jdy._.css → pending (?ms, ?B)
[2026-04-23T18:56:09.161Z] GET http://localhost:3000/_next/static/chunks/%5Bturbopack%5D_browser_dev_hmr-client_hmr-client_ts_10z625~._.js → pending (?ms, ?B)
[2026-04-23T18:56:09.161Z] GET http://localhost:3000/_next/static/chunks/node_modules_next_dist_compiled_next-devtools_index_0553esy.js → pending (?ms, ?B)
[2026-04-23T18:56:09.161Z] GET http://localhost:3000/_next/static/chunks/node_modules_next_dist_compiled_react-dom_058-ah~._.js → pending (?ms, ?B)
[2026-04-23T18:56:09.161Z] GET http://localhost:3000/_next/static/chunks/node_modules_next_dist_compiled_react-server-dom-turbopack_0p3wegg._.js → pending (?ms, ?B)
[2026-04-23T18:56:09.161Z] GET http://localhost:3000/_next/static/chunks/node_modules_next_dist_compiled_0rpq4pf._.js → pending (?ms, ?B)
[2026-04-23T18:56:09.161Z] GET http://localhost:3000/_next/static/chunks/node_modules_next_dist_client_0fhqo1d._.js → pending (?ms, ?B)
[2026-04-23T18:56:09.162Z] GET http://localhost:3000/_next/static/chunks/node_modules_next_dist_115brz8._.js → pending (?ms, ?B)
[2026-04-23T18:56:09.162Z] GET http://localhost:3000/_next/static/chunks/node_modules_%40swc_helpers_cjs_0-4ujiy._.js → pending (?ms, ?B)
[2026-04-23T18:56:09.162Z] GET http://localhost:3000/_next/static/chunks/_0rqeker._.js → pending (?ms, ?B)
[2026-04-23T18:56:09.162Z] GET http://localhost:3000/_next/static/chunks/turbopack-_0p44nws._.js → pending (?ms, ?B)
[2026-04-23T18:56:09.162Z] GET http://localhost:3000/_next/static/chunks/node_modules_0m7pi5w._.js → pending (?ms, ?B)
[2026-04-23T18:56:09.162Z] GET http://localhost:3000/_next/static/chunks/src_components_ui_sonner_tsx_0xbt7ar._.js → pending (?ms, ?B)
[2026-04-23T18:56:09.162Z] GET http://localhost:3000/_next/static/chunks/src_app_layout_tsx_004glpo._.js → pending (?ms, ?B)
[2026-04-23T18:56:09.162Z] GET http://localhost:3000/_next/static/chunks/node_modules_04mg8h.._.js → pending (?ms, ?B)
[2026-04-23T18:56:09.162Z] GET http://localhost:3000/_next/static/chunks/src_11bl7-m._.js → pending (?ms, ?B)
[2026-04-23T18:56:09.162Z] GET http://localhost:3000/_next/static/chunks/src_app_auth_login_page_tsx_090xhm~._.js → pending (?ms, ?B)
[2026-04-23T18:56:09.162Z] GET http://localhost:3000/_next/static/chunks/node_modules_next_dist_client_components_builtin_global-error_090xhm~.js → pending (?ms, ?B)
[2026-04-23T18:56:09.207Z] GET http://localhost:3000/_next/image?url=%2Flogo-mf.png&w=256&q=75 → 200 (28ms, 6692B)
[2026-04-23T18:56:09.419Z] GET http://localhost:3000/_next/static/chunks/%5Bturbopack%5D_browser_dev_hmr-client_hmr-client_ts_0yjw1oe._.js → 200 (90ms, 15615B)
[2026-04-23T18:56:09.419Z] GET http://localhost:3000/_next/static/chunks/%5Bturbopack%5D_browser_dev_hmr-client_hmr-client_ts_10mygs7._.js → 200 (89ms, 289B)
[2026-04-23T18:56:09.758Z] GET http://localhost:3000/__nextjs_font/geist-latin.woff2 → 200 (23ms, 28356B)
[2026-04-23T18:56:09.760Z] POST http://localhost:3000/__nextjs_original-stack-frames → 200 (36ms, 17742B)
[2026-04-23T18:56:18.724Z] GET http://localhost:3000/auth/login?_rsc=61gpq → 200 (310ms, 9317B)
[2026-04-23T18:56:24.646Z] POST http://localhost:3000/api/auth/magic → 200 (247ms, 232B)
[2026-04-23T18:56:34.535Z] GET http://localhost:3000/api/auth/verify?token=eyJhbGciOiJIUzI1NiJ9.eyJlbWFpbCI6Im5ldW1hbmdAZ21haWwuY29tIiwiZXhwIjoxNzc2OTcxNDg0LCJpYXQiOjE3NzY5NzA1ODR9.h65iZ2Rlcy1zem4VAG8hRaufplhDG_OYNQOJ_l8ZV3I&role=admin → 307 (335ms, ?B)
[2026-04-23T18:56:34.870Z] GET http://localhost:3000/admin/dashboard → pending (?ms, ?B)
[2026-04-23T18:56:36.602Z] GET http://localhost:3000/_next/static/media/e8f2fbee2754df70-s.p.0fzkl03jw-sdz.woff2 → 200 (4ms, ?B)
[2026-04-23T18:56:36.606Z] GET http://localhost:3000/_next/static/chunks/%5Broot-of-the-server%5D__0q_9jdy._.css → 304 (8ms, ?B)
[2026-04-23T18:56:36.606Z] GET http://localhost:3000/_next/static/chunks/%5Bturbopack%5D_browser_dev_hmr-client_hmr-client_ts_10z625~._.js → 304 (8ms, ?B)
[2026-04-23T18:56:36.606Z] GET http://localhost:3000/_next/static/chunks/node_modules_next_dist_compiled_next-devtools_index_0553esy.js → 304 (35ms, ?B)
[2026-04-23T18:56:36.607Z] GET http://localhost:3000/_next/static/chunks/node_modules_next_dist_compiled_react-dom_058-ah~._.js → 304 (37ms, ?B)
[2026-04-23T18:56:36.608Z] GET http://localhost:3000/_next/static/chunks/node_modules_next_dist_compiled_react-server-dom-turbopack_0p3wegg._.js → 304 (39ms, ?B)
[2026-04-23T18:56:36.608Z] GET http://localhost:3000/_next/static/chunks/node_modules_next_dist_compiled_0rpq4pf._.js → 304 (39ms, ?B)
[2026-04-23T18:56:36.608Z] GET http://localhost:3000/_next/static/chunks/node_modules_next_dist_client_0fhqo1d._.js → 304 (40ms, ?B)
[2026-04-23T18:56:36.608Z] GET http://localhost:3000/_next/static/chunks/node_modules_next_dist_115brz8._.js → 304 (41ms, ?B)
[2026-04-23T18:56:36.608Z] GET http://localhost:3000/_next/static/chunks/node_modules_%40swc_helpers_cjs_0-4ujiy._.js → 304 (41ms, ?B)
[2026-04-23T18:56:36.608Z] GET http://localhost:3000/_next/static/chunks/_0rqeker._.js → 304 (41ms, ?B)
[2026-04-23T18:56:36.608Z] GET http://localhost:3000/_next/static/chunks/turbopack-_0p44nws._.js → 304 (44ms, ?B)
[2026-04-23T18:56:36.608Z] GET http://localhost:3000/_next/static/chunks/node_modules_0m7pi5w._.js → 304 (44ms, ?B)
[2026-04-23T18:56:36.608Z] GET http://localhost:3000/_next/static/chunks/src_components_ui_sonner_tsx_0xbt7ar._.js → 304 (45ms, ?B)
[2026-04-23T18:56:36.608Z] GET http://localhost:3000/_next/static/chunks/src_app_layout_tsx_004glpo._.js → 304 (45ms, ?B)
[2026-04-23T18:56:36.608Z] GET http://localhost:3000/_next/static/chunks/node_modules_next_dist_client_components_builtin_global-error_090xhm~.js → 304 (45ms, ?B)
[2026-04-23T18:56:36.608Z] GET http://localhost:3000/_next/static/chunks/node_modules_0u-g930._.js → 200 (55ms, 192830B)
[2026-04-23T18:56:36.608Z] GET http://localhost:3000/_next/static/chunks/src_0ktpwnt._.js → 200 (47ms, 16218B)
[2026-04-23T18:56:36.608Z] GET http://localhost:3000/_next/static/chunks/src_app_admin_layout_tsx_090xhm~._.js → 200 (47ms, 286B)
[2026-04-23T18:56:36.608Z] GET http://localhost:3000/_next/static/chunks/src_components_admin_10y2wpa._.js → 200 (48ms, 32518B)
[2026-04-23T18:56:36.608Z] GET http://localhost:3000/_next/static/chunks/src_app_admin_dashboard_page_tsx_0cjl1om._.js → 200 (47ms, 261B)
[2026-04-23T18:56:36.693Z] GET http://localhost:3000/_next/static/chunks/%5Bturbopack%5D_browser_dev_hmr-client_hmr-client_ts_0yjw1oe._.js → 304 (12ms, ?B)
[2026-04-23T18:56:36.693Z] GET http://localhost:3000/_next/static/chunks/%5Bturbopack%5D_browser_dev_hmr-client_hmr-client_ts_10mygs7._.js → 304 (13ms, ?B)
[2026-04-23T18:56:36.712Z] GET http://localhost:3000/__nextjs_font/geist-latin.woff2 → 200 (?ms, ?B)
[2026-04-23T19:00:30.590Z] GET http://localhost:3000/admin/dashboard?_rsc=v5brk → 200 (296ms, ?B)
[2026-04-23T19:00:37.628Z] GET http://localhost:3000/admin/dashboard?_rsc=v5brk → 200 (257ms, ?B)
[2026-04-23T19:02:09.365Z] GET http://localhost:3000/admin/revenue → 404 (70ms, 14625B)
[2026-04-23T19:02:09.445Z] GET http://localhost:3000/_next/static/chunks/%5Broot-of-the-server%5D__0q_9jdy._.css → 304 (12ms, ?B)
[2026-04-23T19:02:09.445Z] GET http://localhost:3000/_next/static/chunks/%5Bturbopack%5D_browser_dev_hmr-client_hmr-client_ts_10z625~._.js → 200 (30ms, 675B)
[2026-04-23T19:02:09.445Z] GET http://localhost:3000/_next/static/chunks/node_modules_next_dist_compiled_next-devtools_index_0553esy.js → 200 (64ms, 746646B)
[2026-04-23T19:02:09.445Z] GET http://localhost:3000/_next/static/chunks/node_modules_next_dist_compiled_react-dom_058-ah~._.js → 200 (62ms, 1057980B)
[2026-04-23T19:02:09.448Z] GET http://localhost:3000/_next/static/chunks/node_modules_next_dist_compiled_react-server-dom-turbopack_0p3wegg._.js → 200 (32ms, 174634B)
[2026-04-23T19:02:09.448Z] GET http://localhost:3000/_next/static/chunks/node_modules_next_dist_compiled_0rpq4pf._.js → 200 (37ms, 144344B)
[2026-04-23T19:02:09.448Z] GET http://localhost:3000/_next/static/chunks/node_modules_next_dist_client_0fhqo1d._.js → 200 (57ms, 742815B)
[2026-04-23T19:02:09.448Z] GET http://localhost:3000/_next/static/chunks/node_modules_next_dist_115brz8._.js → 200 (52ms, 246103B)
[2026-04-23T19:02:09.450Z] GET http://localhost:3000/_next/static/chunks/node_modules_%40swc_helpers_cjs_0-4ujiy._.js → 200 (39ms, 1984B)
[2026-04-23T19:02:09.450Z] GET http://localhost:3000/_next/static/chunks/_0rqeker._.js → 200 (42ms, 756B)
[2026-04-23T19:02:09.450Z] GET http://localhost:3000/_next/static/chunks/turbopack-_0p44nws._.js → 200 (50ms, 92351B)
[2026-04-23T19:02:09.450Z] GET http://localhost:3000/_next/static/chunks/node_modules_0m7pi5w._.js → 200 (54ms, 345089B)
[2026-04-23T19:02:09.450Z] GET http://localhost:3000/_next/static/chunks/src_components_ui_sonner_tsx_0xbt7ar._.js → 200 (41ms, 8498B)
[2026-04-23T19:02:09.450Z] GET http://localhost:3000/_next/static/chunks/src_app_layout_tsx_004glpo._.js → 200 (41ms, 363B)
[2026-04-23T19:02:09.450Z] GET http://localhost:3000/_next/static/chunks/node_modules_next_dist_client_components_builtin_global-error_090xhm~.js → 200 (39ms, 212B)
[2026-04-23T19:02:09.472Z] GET http://localhost:3000/_next/static/media/e8f2fbee2754df70-s.p.0fzkl03jw-sdz.woff2 → 200 (?ms, ?B)
[2026-04-23T19:02:09.525Z] GET http://localhost:3000/_next/static/chunks/%5Bturbopack%5D_browser_dev_hmr-client_hmr-client_ts_0yjw1oe._.js → 200 (99ms, 15615B)
[2026-04-23T19:02:09.526Z] GET http://localhost:3000/_next/static/chunks/%5Bturbopack%5D_browser_dev_hmr-client_hmr-client_ts_10mygs7._.js → 200 (98ms, 289B)
[2026-04-23T19:02:09.626Z] GET http://localhost:3000/__nextjs_font/geist-latin.woff2 → 200 (?ms, ?B)
[2026-04-23T19:02:09.969Z] GET http://localhost:3000/admin/inscritos → 404 (59ms, 14627B)
[2026-04-23T19:02:10.038Z] GET http://localhost:3000/_next/static/chunks/%5Broot-of-the-server%5D__0q_9jdy._.css → 304 (5ms, ?B)
[2026-04-23T19:02:10.040Z] GET http://localhost:3000/_next/static/chunks/%5Bturbopack%5D_browser_dev_hmr-client_hmr-client_ts_10z625~._.js → 304 (9ms, ?B)
[2026-04-23T19:02:10.040Z] GET http://localhost:3000/_next/static/chunks/node_modules_next_dist_compiled_next-devtools_index_0553esy.js → 304 (9ms, ?B)
[2026-04-23T19:02:10.040Z] GET http://localhost:3000/_next/static/chunks/node_modules_next_dist_compiled_react-dom_058-ah~._.js → 304 (22ms, ?B)
[2026-04-23T19:02:10.040Z] GET http://localhost:3000/_next/static/chunks/node_modules_next_dist_compiled_react-server-dom-turbopack_0p3wegg._.js → 304 (24ms, ?B)
[2026-04-23T19:02:10.040Z] GET http://localhost:3000/_next/static/chunks/node_modules_next_dist_compiled_0rpq4pf._.js → 304 (25ms, ?B)
[2026-04-23T19:02:10.040Z] GET http://localhost:3000/_next/static/chunks/node_modules_next_dist_client_0fhqo1d._.js → 304 (25ms, ?B)
[2026-04-23T19:02:10.040Z] GET http://localhost:3000/_next/static/chunks/node_modules_next_dist_115brz8._.js → 304 (25ms, ?B)
[2026-04-23T19:02:10.040Z] GET http://localhost:3000/_next/static/chunks/node_modules_%40swc_helpers_cjs_0-4ujiy._.js → 304 (26ms, ?B)
[2026-04-23T19:02:10.040Z] GET http://localhost:3000/_next/static/chunks/_0rqeker._.js → 304 (26ms, ?B)
[2026-04-23T19:02:10.040Z] GET http://localhost:3000/_next/static/chunks/turbopack-_0p44nws._.js → 304 (38ms, ?B)
[2026-04-23T19:02:10.040Z] GET http://localhost:3000/_next/static/chunks/node_modules_0m7pi5w._.js → 304 (39ms, ?B)
[2026-04-23T19:02:10.040Z] GET http://localhost:3000/_next/static/chunks/src_components_ui_sonner_tsx_0xbt7ar._.js → 304 (40ms, ?B)
[2026-04-23T19:02:10.040Z] GET http://localhost:3000/_next/static/chunks/src_app_layout_tsx_004glpo._.js → 304 (40ms, ?B)
[2026-04-23T19:02:10.040Z] GET http://localhost:3000/_next/static/chunks/node_modules_next_dist_client_components_builtin_global-error_090xhm~.js → 304 (40ms, ?B)
[2026-04-23T19:02:10.047Z] GET http://localhost:3000/_next/static/media/e8f2fbee2754df70-s.p.0fzkl03jw-sdz.woff2 → 200 (1ms, ?B)
[2026-04-23T19:02:10.104Z] GET http://localhost:3000/_next/static/chunks/%5Bturbopack%5D_browser_dev_hmr-client_hmr-client_ts_0yjw1oe._.js → 304 (8ms, ?B)
[2026-04-23T19:02:10.104Z] GET http://localhost:3000/_next/static/chunks/%5Bturbopack%5D_browser_dev_hmr-client_hmr-client_ts_10mygs7._.js → 304 (9ms, ?B)
[2026-04-23T19:02:10.116Z] GET http://localhost:3000/__nextjs_font/geist-latin.woff2 → 200 (?ms, ?B)
[2026-04-23T19:02:10.483Z] GET http://localhost:3000/admin/postulaciones → pending (?ms, ?B)
[2026-04-23T19:02:11.046Z] GET http://localhost:3000/_next/static/media/e8f2fbee2754df70-s.p.0fzkl03jw-sdz.woff2 → 200 (2ms, ?B)
[2026-04-23T19:02:11.049Z] GET http://localhost:3000/_next/static/chunks/%5Broot-of-the-server%5D__0q_9jdy._.css → 304 (2ms, ?B)
[2026-04-23T19:02:11.049Z] GET http://localhost:3000/_next/static/chunks/%5Bturbopack%5D_browser_dev_hmr-client_hmr-client_ts_10z625~._.js → 304 (5ms, ?B)
[2026-04-23T19:02:11.049Z] GET http://localhost:3000/_next/static/chunks/node_modules_next_dist_compiled_next-devtools_index_0553esy.js → 304 (25ms, ?B)
[2026-04-23T19:02:11.049Z] GET http://localhost:3000/_next/static/chunks/node_modules_next_dist_compiled_react-dom_058-ah~._.js → 304 (26ms, ?B)
[2026-04-23T19:02:11.049Z] GET http://localhost:3000/_next/static/chunks/node_modules_next_dist_compiled_react-server-dom-turbopack_0p3wegg._.js → 304 (28ms, ?B)
[2026-04-23T19:02:11.049Z] GET http://localhost:3000/_next/static/chunks/node_modules_next_dist_compiled_0rpq4pf._.js → 304 (31ms, ?B)
[2026-04-23T19:02:11.049Z] GET http://localhost:3000/_next/static/chunks/node_modules_next_dist_client_0fhqo1d._.js → 304 (31ms, ?B)
[2026-04-23T19:02:11.049Z] GET http://localhost:3000/_next/static/chunks/node_modules_next_dist_115brz8._.js → 304 (32ms, ?B)
[2026-04-23T19:02:11.049Z] GET http://localhost:3000/_next/static/chunks/node_modules_%40swc_helpers_cjs_0-4ujiy._.js → 304 (46ms, ?B)
[2026-04-23T19:02:11.049Z] GET http://localhost:3000/_next/static/chunks/_0rqeker._.js → 304 (32ms, ?B)
[2026-04-23T19:02:11.049Z] GET http://localhost:3000/_next/static/chunks/turbopack-_0p44nws._.js → 304 (32ms, ?B)
[2026-04-23T19:02:11.049Z] GET http://localhost:3000/_next/static/chunks/node_modules_0m7pi5w._.js → 304 (33ms, ?B)
[2026-04-23T19:02:11.049Z] GET http://localhost:3000/_next/static/chunks/src_components_ui_sonner_tsx_0xbt7ar._.js → 304 (51ms, ?B)
[2026-04-23T19:02:11.049Z] GET http://localhost:3000/_next/static/chunks/src_app_layout_tsx_004glpo._.js → 304 (52ms, ?B)
[2026-04-23T19:02:11.049Z] GET http://localhost:3000/_next/static/chunks/node_modules_next_dist_client_components_builtin_global-error_090xhm~.js → 304 (53ms, ?B)
[2026-04-23T19:02:11.049Z] GET http://localhost:3000/_next/static/chunks/node_modules_0u-g930._.js → 200 (63ms, 192830B)
[2026-04-23T19:02:11.050Z] GET http://localhost:3000/_next/static/chunks/src_0ktpwnt._.js → 200 (67ms, 16218B)
[2026-04-23T19:02:11.050Z] GET http://localhost:3000/_next/static/chunks/src_app_admin_layout_tsx_090xhm~._.js → 200 (66ms, 286B)
[2026-04-23T19:02:11.050Z] GET http://localhost:3000/_next/static/chunks/node_modules_02n2jsm._.js → 200 (68ms, 232070B)
[2026-04-23T19:02:11.051Z] GET http://localhost:3000/_next/static/chunks/src_components_0ftrh51._.js → 200 (67ms, 41511B)
[2026-04-23T19:02:11.051Z] GET http://localhost:3000/_next/static/chunks/src_app_admin_postulaciones_page_tsx_0cjl1om._.js → 200 (66ms, 297B)
[2026-04-23T19:02:11.112Z] GET http://localhost:3000/_next/static/chunks/%5Bturbopack%5D_browser_dev_hmr-client_hmr-client_ts_0yjw1oe._.js → 304 (7ms, ?B)
[2026-04-23T19:02:11.112Z] GET http://localhost:3000/_next/static/chunks/%5Bturbopack%5D_browser_dev_hmr-client_hmr-client_ts_10mygs7._.js → 304 (7ms, ?B)
[2026-04-23T19:02:11.125Z] GET http://localhost:3000/__nextjs_font/geist-latin.woff2 → 200 (1ms, ?B)
[2026-04-23T19:03:31.873Z] GET http://localhost:3000/admin/postulaciones?_rsc=1uvwy → pending (?ms, ?B)
[2026-04-23T19:03:31.878Z] GET http://localhost:3000/admin/postulaciones?_rsc=1uvwy → pending (?ms, ?B)
[2026-04-23T19:03:31.881Z] GET http://localhost:3000/admin/postulaciones?_rsc=1uvwy → pending (?ms, ?B)
[2026-04-23T19:03:31.974Z] GET http://localhost:3000/admin/postulaciones?_rsc=1uvwy → pending (?ms, ?B)
[2026-04-23T19:03:32.060Z] GET http://localhost:3000/admin/postulaciones?_rsc=1uvwy → pending (?ms, ?B)
[2026-04-23T19:03:32.151Z] GET http://localhost:3000/admin/postulaciones?_rsc=1uvwy → pending (?ms, ?B)
[2026-04-23T19:03:32.232Z] GET http://localhost:3000/admin/postulaciones?_rsc=1uvwy → pending (?ms, ?B)
[2026-04-23T19:03:58.855Z] GET http://localhost:3000/_next/static/chunks/%5Broot-of-the-server%5D__0q_9jdy._.css → 200 (9ms, 70512B)
[2026-04-23T19:04:16.448Z] GET http://localhost:3000/_next/static/chunks/%5Broot-of-the-server%5D__0q_9jdy._.css → 200 (8ms, 70625B)
[2026-04-23T19:04:16.477Z] GET http://localhost:3000/admin/postulaciones?_rsc=1uvwy → pending (?ms, ?B)
[2026-04-23T19:04:16.561Z] GET http://localhost:3000/admin/postulaciones?_rsc=1uvwy → pending (?ms, ?B)
[2026-04-23T19:04:16.641Z] GET http://localhost:3000/admin/postulaciones?_rsc=1uvwy → pending (?ms, ?B)
[2026-04-23T19:04:16.735Z] GET http://localhost:3000/admin/postulaciones?_rsc=1uvwy → pending (?ms, ?B)
[2026-04-23T19:04:16.836Z] GET http://localhost:3000/admin/postulaciones?_rsc=1uvwy → pending (?ms, ?B)
[2026-04-23T19:04:16.928Z] GET http://localhost:3000/admin/postulaciones?_rsc=1uvwy → 200 (431ms, 10788B)
[2026-04-23T19:04:17.014Z] GET http://localhost:3000/admin/postulaciones?_rsc=1uvwy → 200 (234ms, 10788B)
[2026-04-23T19:04:17.315Z] GET http://localhost:3000/_next/static/chunks/node_modules_04lig1q._.js → pending (?ms, ?B)
[2026-04-23T19:04:17.315Z] GET http://localhost:3000/_next/static/chunks/src_07gu~8y._.js → pending (?ms, ?B)
[2026-04-23T19:04:17.955Z] GET http://localhost:3000/_next/static/chunks/node_modules_04lig1q._.js → 304 (43ms, ?B)
[2026-04-23T19:04:17.956Z] GET http://localhost:3000/_next/static/chunks/src_07gu~8y._.js → 304 (42ms, ?B)
[2026-04-23T19:04:17.997Z] GET http://localhost:3000/api/admin/applications → pending (?ms, ?B)
[2026-04-23T19:04:17.998Z] GET http://localhost:3000/api/admin/applications → pending (?ms, ?B)
[2026-04-23T19:04:18.900Z] GET http://localhost:3000/admin/postulaciones?_rsc=1uvwy → 200 (649ms, 10788B)
[2026-04-23T19:04:19.228Z] GET http://localhost:3000/admin/postulaciones?_rsc=1uvwy → 200 (210ms, 10788B)
[2026-04-23T19:04:39.507Z] GET http://localhost:3000/admin/postulaciones?_rsc=1uvwy → pending (?ms, ?B)
[2026-04-23T19:04:39.621Z] GET http://localhost:3000/admin/postulaciones?_rsc=1uvwy → pending (?ms, ?B)
[2026-04-23T19:04:39.746Z] GET http://localhost:3000/admin/postulaciones?_rsc=1uvwy → pending (?ms, ?B)
[2026-04-23T19:04:39.749Z] GET http://localhost:3000/_next/static/chunks/%5Broot-of-the-server%5D__0q_9jdy._.css → pending (?ms, ?B)
[2026-04-23T19:04:39.758Z] GET http://localhost:3000/admin/postulaciones?_rsc=1uvwy → pending (?ms, ?B)
[2026-04-23T19:04:39.761Z] GET http://localhost:3000/admin/postulaciones?_rsc=1uvwy → pending (?ms, ?B)
[2026-04-23T19:04:39.764Z] GET http://localhost:3000/admin/postulaciones?_rsc=1uvwy → pending (?ms, ?B)
[2026-04-23T19:04:39.767Z] GET http://localhost:3000/admin/postulaciones?_rsc=1uvwy → pending (?ms, ?B)
[2026-04-23T19:04:39.771Z] GET http://localhost:3000/admin/postulaciones?_rsc=1uvwy → pending (?ms, ?B)
[2026-04-23T19:04:39.774Z] GET http://localhost:3000/admin/postulaciones?_rsc=1uvwy → pending (?ms, ?B)
[2026-04-23T19:04:39.777Z] GET http://localhost:3000/admin/postulaciones?_rsc=1uvwy → pending (?ms, ?B)
[2026-04-23T19:04:39.780Z] GET http://localhost:3000/admin/postulaciones?_rsc=1uvwy → pending (?ms, ?B)
[2026-04-23T19:04:39.785Z] GET http://localhost:3000/admin/postulaciones?_rsc=1uvwy → pending (?ms, ?B)
[2026-04-23T19:04:39.785Z] GET http://localhost:3000/admin/postulaciones?_rsc=1uvwy → pending (?ms, ?B)
[2026-04-23T19:04:39.789Z] GET http://localhost:3000/admin/postulaciones?_rsc=1uvwy → pending (?ms, ?B)
[2026-04-23T19:04:39.792Z] GET http://localhost:3000/admin/postulaciones?_rsc=1uvwy → pending (?ms, ?B)
[2026-04-23T19:04:39.794Z] GET http://localhost:3000/admin/postulaciones?_rsc=1uvwy → pending (?ms, ?B)
[2026-04-23T19:04:39.796Z] GET http://localhost:3000/admin/postulaciones?_rsc=1uvwy → pending (?ms, ?B)
[2026-04-23T19:04:39.799Z] GET http://localhost:3000/admin/postulaciones?_rsc=1uvwy → pending (?ms, ?B)
[2026-04-23T19:04:39.802Z] GET http://localhost:3000/admin/postulaciones?_rsc=1uvwy → pending (?ms, ?B)
[2026-04-23T19:04:39.808Z] GET http://localhost:3000/admin/postulaciones?_rsc=1uvwy → pending (?ms, ?B)
[2026-04-23T19:04:39.811Z] GET http://localhost:3000/admin/postulaciones?_rsc=1uvwy → pending (?ms, ?B)
[2026-04-23T19:04:39.812Z] GET http://localhost:3000/admin/postulaciones?_rsc=1uvwy → pending (?ms, ?B)
[2026-04-23T19:04:39.815Z] GET http://localhost:3000/admin/postulaciones?_rsc=1uvwy → pending (?ms, ?B)
[2026-04-23T19:04:39.818Z] GET http://localhost:3000/admin/postulaciones?_rsc=1uvwy → pending (?ms, ?B)
[2026-04-23T19:04:39.820Z] GET http://localhost:3000/admin/postulaciones?_rsc=1uvwy → pending (?ms, ?B)
[2026-04-23T19:04:39.823Z] GET http://localhost:3000/admin/postulaciones?_rsc=1uvwy → pending (?ms, ?B)
[2026-04-23T19:04:39.825Z] GET http://localhost:3000/admin/postulaciones?_rsc=1uvwy → pending (?ms, ?B)
[2026-04-23T19:04:39.827Z] GET http://localhost:3000/admin/postulaciones?_rsc=1uvwy → pending (?ms, ?B)
[2026-04-23T19:04:39.830Z] GET http://localhost:3000/admin/postulaciones?_rsc=1uvwy → pending (?ms, ?B)
[2026-04-23T19:04:39.833Z] GET http://localhost:3000/admin/postulaciones?_rsc=1uvwy → pending (?ms, ?B)
[2026-04-23T19:04:39.837Z] GET http://localhost:3000/admin/postulaciones?_rsc=1uvwy → pending (?ms, ?B)
[2026-04-23T19:04:39.840Z] GET http://localhost:3000/admin/postulaciones?_rsc=1uvwy → pending (?ms, ?B)
[2026-04-23T19:04:39.842Z] GET http://localhost:3000/admin/postulaciones?_rsc=1uvwy → pending (?ms, ?B)
[2026-04-23T19:04:39.845Z] GET http://localhost:3000/admin/postulaciones?_rsc=1uvwy → pending (?ms, ?B)
[2026-04-23T19:04:39.848Z] GET http://localhost:3000/admin/postulaciones?_rsc=1uvwy → pending (?ms, ?B)
[2026-04-23T19:04:39.852Z] GET http://localhost:3000/admin/postulaciones?_rsc=1uvwy → pending (?ms, ?B)
[2026-04-23T19:04:39.855Z] GET http://localhost:3000/admin/postulaciones?_rsc=1uvwy → pending (?ms, ?B)
[2026-04-23T19:04:39.858Z] GET http://localhost:3000/admin/postulaciones?_rsc=1uvwy → pending (?ms, ?B)
[2026-04-23T19:04:39.859Z] GET http://localhost:3000/admin/postulaciones?_rsc=1uvwy → pending (?ms, ?B)
[2026-04-23T19:04:39.861Z] GET http://localhost:3000/admin/postulaciones?_rsc=1uvwy → pending (?ms, ?B)
[2026-04-23T19:04:39.864Z] GET http://localhost:3000/admin/postulaciones?_rsc=1uvwy → pending (?ms, ?B)
[2026-04-23T19:04:39.866Z] GET http://localhost:3000/admin/postulaciones?_rsc=1uvwy → 200 (122ms, ?B)
[2026-04-23T19:05:09.198Z] GET http://localhost:3000/admin/postulaciones?_rsc=1uvwy → pending (?ms, ?B)
[2026-04-23T19:05:09.209Z] GET http://localhost:3000/_next/static/chunks/%5Broot-of-the-server%5D__0q_9jdy._.css → pending (?ms, ?B)
[2026-04-23T19:05:09.231Z] GET http://localhost:3000/admin/postulaciones?_rsc=1uvwy → pending (?ms, ?B)
[2026-04-23T19:05:09.234Z] GET http://localhost:3000/admin/postulaciones?_rsc=1uvwy → pending (?ms, ?B)
[2026-04-23T19:05:09.237Z] GET http://localhost:3000/admin/postulaciones?_rsc=1uvwy → pending (?ms, ?B)
[2026-04-23T19:05:09.240Z] GET http://localhost:3000/admin/postulaciones?_rsc=1uvwy → pending (?ms, ?B)
[2026-04-23T19:05:09.243Z] GET http://localhost:3000/admin/postulaciones?_rsc=1uvwy → pending (?ms, ?B)
[2026-04-23T19:05:09.245Z] GET http://localhost:3000/admin/postulaciones?_rsc=1uvwy → pending (?ms, ?B)
[2026-04-23T19:05:09.248Z] GET http://localhost:3000/admin/postulaciones?_rsc=1uvwy → pending (?ms, ?B)
[2026-04-23T19:05:09.251Z] GET http://localhost:3000/admin/postulaciones?_rsc=1uvwy → pending (?ms, ?B)
[2026-04-23T19:05:09.253Z] GET http://localhost:3000/admin/postulaciones?_rsc=1uvwy → pending (?ms, ?B)
[2026-04-23T19:05:09.256Z] GET http://localhost:3000/admin/postulaciones?_rsc=1uvwy → pending (?ms, ?B)
[2026-04-23T19:05:09.258Z] GET http://localhost:3000/admin/postulaciones?_rsc=1uvwy → pending (?ms, ?B)
[2026-04-23T19:05:09.262Z] GET http://localhost:3000/admin/postulaciones?_rsc=1uvwy → pending (?ms, ?B)
[2026-04-23T19:05:09.264Z] GET http://localhost:3000/admin/postulaciones?_rsc=1uvwy → pending (?ms, ?B)
[2026-04-23T19:05:09.266Z] GET http://localhost:3000/admin/postulaciones?_rsc=1uvwy → pending (?ms, ?B)
[2026-04-23T19:05:09.269Z] GET http://localhost:3000/admin/postulaciones?_rsc=1uvwy → pending (?ms, ?B)
[2026-04-23T19:05:09.272Z] GET http://localhost:3000/admin/postulaciones?_rsc=1uvwy → pending (?ms, ?B)
[2026-04-23T19:05:09.274Z] GET http://localhost:3000/admin/postulaciones?_rsc=1uvwy → pending (?ms, ?B)
[2026-04-23T19:05:09.277Z] GET http://localhost:3000/admin/postulaciones?_rsc=1uvwy → pending (?ms, ?B)
[2026-04-23T19:05:09.279Z] GET http://localhost:3000/admin/postulaciones?_rsc=1uvwy → pending (?ms, ?B)
[2026-04-23T19:05:09.282Z] GET http://localhost:3000/admin/postulaciones?_rsc=1uvwy → pending (?ms, ?B)
[2026-04-23T19:05:09.284Z] GET http://localhost:3000/admin/postulaciones?_rsc=1uvwy → pending (?ms, ?B)
[2026-04-23T19:05:09.287Z] GET http://localhost:3000/admin/postulaciones?_rsc=1uvwy → pending (?ms, ?B)
[2026-04-23T19:05:09.289Z] GET http://localhost:3000/admin/postulaciones?_rsc=1uvwy → pending (?ms, ?B)
[2026-04-23T19:05:09.291Z] GET http://localhost:3000/admin/postulaciones?_rsc=1uvwy → pending (?ms, ?B)
[2026-04-23T19:05:09.294Z] GET http://localhost:3000/admin/postulaciones?_rsc=1uvwy → pending (?ms, ?B)
[2026-04-23T19:05:09.298Z] GET http://localhost:3000/admin/postulaciones?_rsc=1uvwy → pending (?ms, ?B)
[2026-04-23T19:05:09.300Z] GET http://localhost:3000/admin/postulaciones?_rsc=1uvwy → pending (?ms, ?B)
[2026-04-23T19:05:09.302Z] GET http://localhost:3000/admin/postulaciones?_rsc=1uvwy → pending (?ms, ?B)
[2026-04-23T19:05:09.304Z] GET http://localhost:3000/admin/postulaciones?_rsc=1uvwy → pending (?ms, ?B)
[2026-04-23T19:05:09.307Z] GET http://localhost:3000/admin/postulaciones?_rsc=1uvwy → pending (?ms, ?B)
[2026-04-23T19:05:09.310Z] GET http://localhost:3000/admin/postulaciones?_rsc=1uvwy → pending (?ms, ?B)
[2026-04-23T19:05:09.313Z] GET http://localhost:3000/admin/postulaciones?_rsc=1uvwy → pending (?ms, ?B)
[2026-04-23T19:05:09.316Z] GET http://localhost:3000/admin/postulaciones?_rsc=1uvwy → pending (?ms, ?B)
[2026-04-23T19:05:09.318Z] GET http://localhost:3000/admin/postulaciones?_rsc=1uvwy → pending (?ms, ?B)
[2026-04-23T19:05:09.321Z] GET http://localhost:3000/admin/postulaciones?_rsc=1uvwy → 200 (931ms, ?B)
[2026-04-23T19:05:09.324Z] GET http://localhost:3000/admin/postulaciones?_rsc=1uvwy → 200 (827ms, ?B)
[2026-04-23T19:05:09.326Z] GET http://localhost:3000/admin/postulaciones?_rsc=1uvwy → 200 (716ms, ?B)
[2026-04-23T19:05:09.328Z] GET http://localhost:3000/admin/postulaciones?_rsc=1uvwy → 200 (576ms, ?B)
[2026-04-23T19:05:09.331Z] GET http://localhost:3000/admin/postulaciones?_rsc=1uvwy → 200 (320ms, 10788B)
[2026-04-23T19:05:09.332Z] GET http://localhost:3000/admin/postulaciones?_rsc=1uvwy → 200 (217ms, 10788B)
[2026-04-23T19:05:09.333Z] GET http://localhost:3000/admin/postulaciones?_rsc=1uvwy → 200 (111ms, 10788B)
[2026-04-23T19:05:29.444Z] GET http://localhost:3000/admin/postulaciones → 200 (246ms, 22656B)
[2026-04-23T19:05:29.703Z] GET http://localhost:3000/_next/static/media/e8f2fbee2754df70-s.p.0fzkl03jw-sdz.woff2 → 200 (?ms, ?B)
[2026-04-23T19:05:29.704Z] GET http://localhost:3000/_next/static/chunks/%5Broot-of-the-server%5D__0q_9jdy._.css → 304 (9ms, ?B)
[2026-04-23T19:05:29.706Z] GET http://localhost:3000/_next/static/chunks/%5Bturbopack%5D_browser_dev_hmr-client_hmr-client_ts_10z625~._.js → 200 (13ms, 675B)
[2026-04-23T19:05:29.706Z] GET http://localhost:3000/_next/static/chunks/node_modules_next_dist_compiled_next-devtools_index_0553esy.js → 200 (65ms, 746646B)
[2026-04-23T19:05:29.706Z] GET http://localhost:3000/_next/static/chunks/node_modules_next_dist_compiled_react-dom_058-ah~._.js → 200 (64ms, 1057980B)
[2026-04-23T19:05:29.706Z] GET http://localhost:3000/_next/static/chunks/node_modules_next_dist_compiled_react-server-dom-turbopack_0p3wegg._.js → 200 (36ms, 174634B)
[2026-04-23T19:05:29.706Z] GET http://localhost:3000/_next/static/chunks/node_modules_next_dist_compiled_0rpq4pf._.js → 200 (34ms, 144344B)
[2026-04-23T19:05:29.706Z] GET http://localhost:3000/_next/static/chunks/node_modules_next_dist_client_0fhqo1d._.js → 200 (65ms, 742815B)
[2026-04-23T19:05:29.706Z] GET http://localhost:3000/_next/static/chunks/node_modules_next_dist_115brz8._.js → 200 (37ms, 246103B)
[2026-04-23T19:05:29.706Z] GET http://localhost:3000/_next/static/chunks/node_modules_%40swc_helpers_cjs_0-4ujiy._.js → 200 (63ms, 1984B)
[2026-04-23T19:05:29.706Z] GET http://localhost:3000/_next/static/chunks/_0rqeker._.js → 200 (59ms, 756B)
[2026-04-23T19:05:29.706Z] GET http://localhost:3000/_next/static/chunks/turbopack-_0p44nws._.js → 200 (63ms, 92351B)
[2026-04-23T19:05:29.706Z] GET http://localhost:3000/_next/static/chunks/node_modules_0m7pi5w._.js → 200 (66ms, 345089B)
[2026-04-23T19:05:29.706Z] GET http://localhost:3000/_next/static/chunks/src_components_ui_sonner_tsx_0xbt7ar._.js → 200 (64ms, 8498B)
[2026-04-23T19:05:29.706Z] GET http://localhost:3000/_next/static/chunks/src_app_layout_tsx_004glpo._.js → 200 (65ms, 363B)
[2026-04-23T19:05:29.706Z] GET http://localhost:3000/_next/static/chunks/node_modules_0u-g930._.js → 200 (112ms, 192830B)
[2026-04-23T19:05:29.706Z] GET http://localhost:3000/_next/static/chunks/src_0ktpwnt._.js → 200 (108ms, 16218B)
[2026-04-23T19:05:29.706Z] GET http://localhost:3000/_next/static/chunks/src_app_admin_layout_tsx_090xhm~._.js → 200 (109ms, 286B)
[2026-04-23T19:05:29.706Z] GET http://localhost:3000/_next/static/chunks/node_modules_04lig1q._.js → 200 (115ms, 236345B)
[2026-04-23T19:05:29.706Z] GET http://localhost:3000/_next/static/chunks/src_07gu~8y._.js → 200 (113ms, 78380B)
[2026-04-23T19:05:29.706Z] GET http://localhost:3000/_next/static/chunks/src_app_admin_postulaciones_page_tsx_0cjl1om._.js → 200 (113ms, 286B)
[2026-04-23T19:05:29.707Z] GET http://localhost:3000/_next/static/chunks/node_modules_next_dist_client_components_builtin_global-error_090xhm~.js → 200 (112ms, 212B)
[2026-04-23T19:05:29.813Z] GET http://localhost:3000/_next/static/chunks/%5Bturbopack%5D_browser_dev_hmr-client_hmr-client_ts_0yjw1oe._.js → 200 (101ms, 15615B)
[2026-04-23T19:05:29.813Z] GET http://localhost:3000/_next/static/chunks/%5Bturbopack%5D_browser_dev_hmr-client_hmr-client_ts_10mygs7._.js → 200 (102ms, 289B)
[2026-04-23T19:05:29.933Z] GET http://localhost:3000/__nextjs_font/geist-latin.woff2 → 200 (1ms, ?B)
[2026-04-23T19:05:30.012Z] GET http://localhost:3000/api/admin/applications → pending (?ms, ?B)
[2026-04-23T19:05:30.238Z] GET http://localhost:3000/admin/inscritos → pending (?ms, ?B)
[2026-04-23T19:05:31.095Z] GET http://localhost:3000/_next/static/media/e8f2fbee2754df70-s.p.0fzkl03jw-sdz.woff2 → 200 (2ms, ?B)
[2026-04-23T19:05:31.098Z] GET http://localhost:3000/_next/static/chunks/%5Broot-of-the-server%5D__0q_9jdy._.css → 304 (1ms, ?B)
[2026-04-23T19:05:31.098Z] GET http://localhost:3000/_next/static/chunks/%5Bturbopack%5D_browser_dev_hmr-client_hmr-client_ts_10z625~._.js → 304 (3ms, ?B)
[2026-04-23T19:05:31.098Z] GET http://localhost:3000/_next/static/chunks/node_modules_next_dist_compiled_next-devtools_index_0553esy.js → 304 (14ms, ?B)
[2026-04-23T19:05:31.098Z] GET http://localhost:3000/_next/static/chunks/node_modules_next_dist_compiled_react-dom_058-ah~._.js → 304 (19ms, ?B)
[2026-04-23T19:05:31.098Z] GET http://localhost:3000/_next/static/chunks/node_modules_next_dist_compiled_react-server-dom-turbopack_0p3wegg._.js → 304 (20ms, ?B)
[2026-04-23T19:05:31.098Z] GET http://localhost:3000/_next/static/chunks/node_modules_next_dist_compiled_0rpq4pf._.js → 304 (20ms, ?B)
[2026-04-23T19:05:31.098Z] GET http://localhost:3000/_next/static/chunks/node_modules_next_dist_client_0fhqo1d._.js → 304 (22ms, ?B)
[2026-04-23T19:05:31.098Z] GET http://localhost:3000/_next/static/chunks/node_modules_next_dist_115brz8._.js → 304 (32ms, ?B)
[2026-04-23T19:05:31.098Z] GET http://localhost:3000/_next/static/chunks/node_modules_%40swc_helpers_cjs_0-4ujiy._.js → 304 (33ms, ?B)
[2026-04-23T19:05:31.098Z] GET http://localhost:3000/_next/static/chunks/_0rqeker._.js → 304 (33ms, ?B)
[2026-04-23T19:05:31.098Z] GET http://localhost:3000/_next/static/chunks/turbopack-_0p44nws._.js → 304 (34ms, ?B)
[2026-04-23T19:05:31.098Z] GET http://localhost:3000/_next/static/chunks/node_modules_0m7pi5w._.js → 304 (37ms, ?B)
[2026-04-23T19:05:31.098Z] GET http://localhost:3000/_next/static/chunks/src_components_ui_sonner_tsx_0xbt7ar._.js → 304 (37ms, ?B)
[2026-04-23T19:05:31.098Z] GET http://localhost:3000/_next/static/chunks/src_app_layout_tsx_004glpo._.js → 304 (38ms, ?B)
[2026-04-23T19:05:31.099Z] GET http://localhost:3000/_next/static/chunks/node_modules_next_dist_client_components_builtin_global-error_090xhm~.js → 304 (38ms, ?B)
[2026-04-23T19:05:31.099Z] GET http://localhost:3000/_next/static/chunks/node_modules_0u-g930._.js → 304 (38ms, ?B)
[2026-04-23T19:05:31.099Z] GET http://localhost:3000/_next/static/chunks/src_0ktpwnt._.js → 304 (38ms, ?B)
[2026-04-23T19:05:31.099Z] GET http://localhost:3000/_next/static/chunks/src_app_admin_layout_tsx_090xhm~._.js → 304 (40ms, ?B)
[2026-04-23T19:05:31.099Z] GET http://localhost:3000/_next/static/chunks/src_app_admin_inscritos_page_tsx_0cjl1om._.js → 200 (40ms, 212B)
[2026-04-23T19:05:31.164Z] GET http://localhost:3000/_next/static/chunks/%5Bturbopack%5D_browser_dev_hmr-client_hmr-client_ts_0yjw1oe._.js → 304 (13ms, ?B)
[2026-04-23T19:05:31.165Z] GET http://localhost:3000/_next/static/chunks/%5Bturbopack%5D_browser_dev_hmr-client_hmr-client_ts_10mygs7._.js → 304 (13ms, ?B)
[2026-04-23T19:05:31.182Z] GET http://localhost:3000/__nextjs_font/geist-latin.woff2 → 200 (?ms, ?B)
[2026-04-23T19:05:31.543Z] GET http://localhost:3000/admin/revenue → pending (?ms, ?B)
[2026-04-23T19:05:32.403Z] GET http://localhost:3000/_next/static/media/e8f2fbee2754df70-s.p.0fzkl03jw-sdz.woff2 → 200 (?ms, ?B)
[2026-04-23T19:05:32.403Z] GET http://localhost:3000/_next/static/chunks/%5Broot-of-the-server%5D__0q_9jdy._.css → 304 (3ms, ?B)
[2026-04-23T19:05:32.403Z] GET http://localhost:3000/_next/static/chunks/%5Bturbopack%5D_browser_dev_hmr-client_hmr-client_ts_10z625~._.js → 304 (4ms, ?B)
[2026-04-23T19:05:32.403Z] GET http://localhost:3000/_next/static/chunks/node_modules_next_dist_compiled_next-devtools_index_0553esy.js → 304 (8ms, ?B)
[2026-04-23T19:05:32.403Z] GET http://localhost:3000/_next/static/chunks/node_modules_next_dist_compiled_react-dom_058-ah~._.js → 304 (10ms, ?B)
[2026-04-23T19:05:32.403Z] GET http://localhost:3000/_next/static/chunks/node_modules_next_dist_compiled_react-server-dom-turbopack_0p3wegg._.js → 304 (13ms, ?B)
[2026-04-23T19:05:32.405Z] GET http://localhost:3000/_next/static/chunks/node_modules_next_dist_compiled_0rpq4pf._.js → 304 (13ms, ?B)
[2026-04-23T19:05:32.405Z] GET http://localhost:3000/_next/static/chunks/node_modules_next_dist_client_0fhqo1d._.js → 304 (13ms, ?B)
[2026-04-23T19:05:32.405Z] GET http://localhost:3000/_next/static/chunks/node_modules_next_dist_115brz8._.js → 304 (13ms, ?B)
[2026-04-23T19:05:32.405Z] GET http://localhost:3000/_next/static/chunks/node_modules_%40swc_helpers_cjs_0-4ujiy._.js → 304 (16ms, ?B)
[2026-04-23T19:05:32.405Z] GET http://localhost:3000/_next/static/chunks/_0rqeker._.js → 304 (20ms, ?B)
[2026-04-23T19:05:32.405Z] GET http://localhost:3000/_next/static/chunks/turbopack-_0p44nws._.js → 304 (20ms, ?B)
[2026-04-23T19:05:32.405Z] GET http://localhost:3000/_next/static/chunks/node_modules_0m7pi5w._.js → 304 (22ms, ?B)
[2026-04-23T19:05:32.405Z] GET http://localhost:3000/_next/static/chunks/src_components_ui_sonner_tsx_0xbt7ar._.js → 304 (22ms, ?B)
[2026-04-23T19:05:32.405Z] GET http://localhost:3000/_next/static/chunks/src_app_layout_tsx_004glpo._.js → 304 (22ms, ?B)
[2026-04-23T19:05:32.405Z] GET http://localhost:3000/_next/static/chunks/node_modules_next_dist_client_components_builtin_global-error_090xhm~.js → 304 (39ms, ?B)
[2026-04-23T19:05:32.405Z] GET http://localhost:3000/_next/static/chunks/node_modules_0u-g930._.js → 304 (40ms, ?B)
[2026-04-23T19:05:32.405Z] GET http://localhost:3000/_next/static/chunks/src_0ktpwnt._.js → 304 (41ms, ?B)
[2026-04-23T19:05:32.405Z] GET http://localhost:3000/_next/static/chunks/src_app_admin_layout_tsx_090xhm~._.js → 304 (42ms, ?B)
[2026-04-23T19:05:32.405Z] GET http://localhost:3000/_next/static/chunks/src_app_admin_revenue_page_tsx_0cjl1om._.js → 200 (43ms, 212B)
[2026-04-23T19:05:32.443Z] GET http://localhost:3000/_next/static/chunks/%5Bturbopack%5D_browser_dev_hmr-client_hmr-client_ts_0yjw1oe._.js → 304 (11ms, ?B)
[2026-04-23T19:05:32.443Z] GET http://localhost:3000/_next/static/chunks/%5Bturbopack%5D_browser_dev_hmr-client_hmr-client_ts_10mygs7._.js → 304 (12ms, ?B)
[2026-04-23T19:05:32.460Z] GET http://localhost:3000/__nextjs_font/geist-latin.woff2 → 200 (?ms, ?B)
[2026-04-23T19:06:04.273Z] GET http://localhost:3000/admin/postulaciones → 200 (112ms, 22656B)
[2026-04-23T19:06:04.398Z] GET http://localhost:3000/_next/static/media/e8f2fbee2754df70-s.p.0fzkl03jw-sdz.woff2 → 200 (?ms, ?B)
[2026-04-23T19:06:04.402Z] GET http://localhost:3000/_next/static/chunks/%5Broot-of-the-server%5D__0q_9jdy._.css → 304 (1ms, ?B)
[2026-04-23T19:06:04.402Z] GET http://localhost:3000/_next/static/chunks/%5Bturbopack%5D_browser_dev_hmr-client_hmr-client_ts_10z625~._.js → 200 (14ms, 675B)
[2026-04-23T19:06:04.402Z] GET http://localhost:3000/_next/static/chunks/node_modules_next_dist_compiled_next-devtools_index_0553esy.js → 200 (73ms, 746646B)
[2026-04-23T19:06:04.402Z] GET http://localhost:3000/_next/static/chunks/node_modules_next_dist_compiled_react-dom_058-ah~._.js → 200 (92ms, ?B)
[2026-04-23T19:06:04.402Z] GET http://localhost:3000/_next/static/chunks/node_modules_next_dist_compiled_react-server-dom-turbopack_0p3wegg._.js → 200 (45ms, 174634B)
[2026-04-23T19:06:04.402Z] GET http://localhost:3000/_next/static/chunks/node_modules_next_dist_compiled_0rpq4pf._.js → 200 (45ms, 144344B)
[2026-04-23T19:06:04.402Z] GET http://localhost:3000/_next/static/chunks/node_modules_next_dist_client_0fhqo1d._.js → 200 (65ms, 742815B)
[2026-04-23T19:06:04.402Z] GET http://localhost:3000/_next/static/chunks/node_modules_next_dist_115brz8._.js → 200 (53ms, 246103B)
[2026-04-23T19:06:04.402Z] GET http://localhost:3000/_next/static/chunks/node_modules_%40swc_helpers_cjs_0-4ujiy._.js → 200 (38ms, 1984B)
[2026-04-23T19:06:04.402Z] GET http://localhost:3000/_next/static/chunks/_0rqeker._.js → 200 (44ms, 756B)
[2026-04-23T19:06:04.402Z] GET http://localhost:3000/_next/static/chunks/turbopack-_0p44nws._.js → 200 (52ms, 92351B)
[2026-04-23T19:06:04.402Z] GET http://localhost:3000/_next/static/chunks/node_modules_0m7pi5w._.js → 200 (61ms, 345089B)
[2026-04-23T19:06:04.402Z] GET http://localhost:3000/_next/static/chunks/src_components_ui_sonner_tsx_0xbt7ar._.js → 200 (60ms, 8498B)
[2026-04-23T19:06:04.402Z] GET http://localhost:3000/_next/static/chunks/src_app_layout_tsx_004glpo._.js → 200 (62ms, 363B)
[2026-04-23T19:06:04.402Z] GET http://localhost:3000/_next/static/chunks/node_modules_0u-g930._.js → 200 (66ms, 192830B)
[2026-04-23T19:06:04.402Z] GET http://localhost:3000/_next/static/chunks/src_0ktpwnt._.js → 200 (61ms, 16218B)
[2026-04-23T19:06:04.402Z] GET http://localhost:3000/_next/static/chunks/src_app_admin_layout_tsx_090xhm~._.js → 200 (70ms, 286B)
[2026-04-23T19:06:04.402Z] GET http://localhost:3000/_next/static/chunks/node_modules_04lig1q._.js → 200 (85ms, ?B)
[2026-04-23T19:06:04.402Z] GET http://localhost:3000/_next/static/chunks/src_07gu~8y._.js → 200 (72ms, 78380B)
[2026-04-23T19:06:04.402Z] GET http://localhost:3000/_next/static/chunks/src_app_admin_postulaciones_page_tsx_0cjl1om._.js → 200 (70ms, 286B)
[2026-04-23T19:06:04.402Z] GET http://localhost:3000/_next/static/chunks/node_modules_next_dist_client_components_builtin_global-error_090xhm~.js → 200 (72ms, 212B)
[2026-04-23T19:06:04.632Z] GET http://localhost:3000/_next/static/chunks/%5Bturbopack%5D_browser_dev_hmr-client_hmr-client_ts_0yjw1oe._.js → 200 (46ms, 15615B)
[2026-04-23T19:06:04.632Z] GET http://localhost:3000/_next/static/chunks/%5Bturbopack%5D_browser_dev_hmr-client_hmr-client_ts_10mygs7._.js → 200 (45ms, 289B)
[2026-04-23T19:06:04.686Z] GET http://localhost:3000/__nextjs_font/geist-latin.woff2 → 200 (?ms, ?B)
[2026-04-23T19:06:04.738Z] GET http://localhost:3000/api/admin/applications → 200 (480ms, 2B)
[2026-04-23T19:06:43.983Z] GET http://localhost:3000/admin/postulaciones?_rsc=1uvwy → 200 (340ms, 10788B)
[2026-04-23T19:06:44.006Z] GET http://localhost:3000/_next/static/chunks/%5Broot-of-the-server%5D__0q_9jdy._.css → 200 (365ms, 72851B)
[2026-04-23T19:11:50.922Z] GET http://localhost:3000/admin/postulaciones → 200 (338ms, 22656B)
[2026-04-23T19:11:51.270Z] GET http://localhost:3000/_next/static/media/e8f2fbee2754df70-s.p.0fzkl03jw-sdz.woff2 → 200 (3ms, ?B)
[2026-04-23T19:11:51.273Z] GET http://localhost:3000/_next/static/chunks/%5Broot-of-the-server%5D__0q_9jdy._.css → 304 (1ms, ?B)
[2026-04-23T19:11:51.273Z] GET http://localhost:3000/_next/static/chunks/%5Bturbopack%5D_browser_dev_hmr-client_hmr-client_ts_10z625~._.js → 200 (7ms, 675B)
[2026-04-23T19:11:51.273Z] GET http://localhost:3000/_next/static/chunks/node_modules_next_dist_compiled_next-devtools_index_0553esy.js → 200 (63ms, 746646B)
[2026-04-23T19:11:51.273Z] GET http://localhost:3000/_next/static/chunks/node_modules_next_dist_compiled_react-dom_058-ah~._.js → 200 (67ms, 1057980B)
[2026-04-23T19:11:51.273Z] GET http://localhost:3000/_next/static/chunks/node_modules_next_dist_compiled_react-server-dom-turbopack_0p3wegg._.js → 200 (28ms, 174634B)
[2026-04-23T19:11:51.273Z] GET http://localhost:3000/_next/static/chunks/node_modules_next_dist_compiled_0rpq4pf._.js → 200 (30ms, 144344B)
[2026-04-23T19:11:51.273Z] GET http://localhost:3000/_next/static/chunks/node_modules_next_dist_client_0fhqo1d._.js → 200 (68ms, 742815B)
[2026-04-23T19:11:51.273Z] GET http://localhost:3000/_next/static/chunks/node_modules_next_dist_115brz8._.js → 200 (38ms, 246103B)
[2026-04-23T19:11:51.273Z] GET http://localhost:3000/_next/static/chunks/node_modules_%40swc_helpers_cjs_0-4ujiy._.js → 200 (48ms, 1984B)
[2026-04-23T19:11:51.273Z] GET http://localhost:3000/_next/static/chunks/_0rqeker._.js → 200 (49ms, 756B)
[2026-04-23T19:11:51.274Z] GET http://localhost:3000/_next/static/chunks/turbopack-_0p44nws._.js → 200 (50ms, 92351B)
[2026-04-23T19:11:51.274Z] GET http://localhost:3000/_next/static/chunks/node_modules_0m7pi5w._.js → 200 (68ms, 345089B)
[2026-04-23T19:11:51.274Z] GET http://localhost:3000/_next/static/chunks/src_components_ui_sonner_tsx_0xbt7ar._.js → 200 (49ms, 8498B)
[2026-04-23T19:11:51.274Z] GET http://localhost:3000/_next/static/chunks/src_app_layout_tsx_004glpo._.js → 200 (49ms, 363B)
[2026-04-23T19:11:51.274Z] GET http://localhost:3000/_next/static/chunks/node_modules_0u-g930._.js → 200 (62ms, 192830B)
[2026-04-23T19:11:51.274Z] GET http://localhost:3000/_next/static/chunks/src_0ktpwnt._.js → 200 (50ms, 16218B)
[2026-04-23T19:11:51.274Z] GET http://localhost:3000/_next/static/chunks/src_app_admin_layout_tsx_090xhm~._.js → 200 (49ms, 286B)
[2026-04-23T19:11:51.274Z] GET http://localhost:3000/_next/static/chunks/node_modules_04lig1q._.js → 200 (67ms, 236345B)
[2026-04-23T19:11:51.274Z] GET http://localhost:3000/_next/static/chunks/src_07gu~8y._.js → 200 (63ms, 80440B)
[2026-04-23T19:11:51.274Z] GET http://localhost:3000/_next/static/chunks/src_app_admin_postulaciones_page_tsx_0cjl1om._.js → 200 (61ms, 286B)
[2026-04-23T19:11:51.274Z] GET http://localhost:3000/_next/static/chunks/node_modules_next_dist_client_components_builtin_global-error_090xhm~.js → 200 (62ms, 212B)
[2026-04-23T19:11:51.367Z] GET http://localhost:3000/_next/static/chunks/%5Bturbopack%5D_browser_dev_hmr-client_hmr-client_ts_0yjw1oe._.js → 200 (106ms, 15615B)
[2026-04-23T19:11:51.367Z] GET http://localhost:3000/_next/static/chunks/%5Bturbopack%5D_browser_dev_hmr-client_hmr-client_ts_10mygs7._.js → 200 (107ms, 289B)
[2026-04-23T19:11:51.477Z] GET http://localhost:3000/__nextjs_font/geist-latin.woff2 → 200 (1ms, ?B)
[2026-04-23T19:11:51.534Z] GET http://localhost:3000/api/admin/applications → pending (?ms, ?B)
[2026-04-23T19:15:01.305Z] GET http://localhost:3000/_next/static/chunks/%5Broot-of-the-server%5D__0q_9jdy._.css → 200 (14ms, 74618B)
[2026-04-23T19:15:01.482Z] GET http://localhost:3000/admin/postulaciones?_rsc=1uvwy → pending (?ms, ?B)
[2026-04-23T19:15:01.635Z] GET http://localhost:3000/admin/postulaciones?_rsc=1uvwy → pending (?ms, ?B)
[2026-04-23T19:15:01.768Z] GET http://localhost:3000/admin/postulaciones?_rsc=1uvwy → 200 (260ms, 10788B)
[2026-04-23T19:15:02.373Z] GET http://localhost:3000/_next/static/chunks/node_modules_06nwk~-._.js → 200 (349ms, 239870B)
[2026-04-23T19:15:02.776Z] GET http://localhost:3000/_next/static/chunks/node_modules_06nwk~-._.js → 304 (6ms, ?B)
[2026-04-23T19:15:48.376Z] GET http://localhost:3000/admin/postulaciones → 200 (225ms, 22656B)
[2026-04-23T19:15:48.612Z] GET http://localhost:3000/_next/static/media/e8f2fbee2754df70-s.p.0fzkl03jw-sdz.woff2 → 200 (2ms, ?B)
[2026-04-23T19:15:48.614Z] GET http://localhost:3000/_next/static/chunks/%5Broot-of-the-server%5D__0q_9jdy._.css → 304 (2ms, ?B)
[2026-04-23T19:15:48.614Z] GET http://localhost:3000/_next/static/chunks/%5Bturbopack%5D_browser_dev_hmr-client_hmr-client_ts_10z625~._.js → 200 (9ms, 675B)
[2026-04-23T19:15:48.614Z] GET http://localhost:3000/_next/static/chunks/node_modules_next_dist_compiled_next-devtools_index_0553esy.js → 200 (62ms, 746646B)
[2026-04-23T19:15:48.614Z] GET http://localhost:3000/_next/static/chunks/node_modules_next_dist_compiled_react-dom_058-ah~._.js → 200 (64ms, 1057980B)
[2026-04-23T19:15:48.614Z] GET http://localhost:3000/_next/static/chunks/node_modules_next_dist_compiled_react-server-dom-turbopack_0p3wegg._.js → 200 (28ms, 174634B)
[2026-04-23T19:15:48.615Z] GET http://localhost:3000/_next/static/chunks/node_modules_next_dist_compiled_0rpq4pf._.js → 200 (27ms, 144344B)
[2026-04-23T19:15:48.615Z] GET http://localhost:3000/_next/static/chunks/node_modules_next_dist_client_0fhqo1d._.js → 200 (65ms, 742815B)
[2026-04-23T19:15:48.615Z] GET http://localhost:3000/_next/static/chunks/node_modules_next_dist_115brz8._.js → 200 (36ms, 246103B)
[2026-04-23T19:15:48.615Z] GET http://localhost:3000/_next/static/chunks/node_modules_%40swc_helpers_cjs_0-4ujiy._.js → 200 (39ms, 1984B)
[2026-04-23T19:15:48.615Z] GET http://localhost:3000/_next/static/chunks/_0rqeker._.js → 200 (38ms, 756B)
[2026-04-23T19:15:48.615Z] GET http://localhost:3000/_next/static/chunks/turbopack-_0p44nws._.js → 200 (42ms, 92351B)
[2026-04-23T19:15:48.615Z] GET http://localhost:3000/_next/static/chunks/node_modules_0m7pi5w._.js → 200 (59ms, 345089B)
[2026-04-23T19:15:48.615Z] GET http://localhost:3000/_next/static/chunks/src_components_ui_sonner_tsx_0xbt7ar._.js → 200 (39ms, 8498B)
[2026-04-23T19:15:48.615Z] GET http://localhost:3000/_next/static/chunks/src_app_layout_tsx_004glpo._.js → 200 (40ms, 363B)
[2026-04-23T19:15:48.615Z] GET http://localhost:3000/_next/static/chunks/node_modules_0u-g930._.js → 200 (64ms, 192830B)
[2026-04-23T19:15:48.615Z] GET http://localhost:3000/_next/static/chunks/src_0ktpwnt._.js → 200 (48ms, 16218B)
[2026-04-23T19:15:48.615Z] GET http://localhost:3000/_next/static/chunks/src_app_admin_layout_tsx_090xhm~._.js → 200 (49ms, 286B)
[2026-04-23T19:15:48.616Z] GET http://localhost:3000/_next/static/chunks/node_modules_06nwk~-._.js → 304 (48ms, ?B)
[2026-04-23T19:15:48.616Z] GET http://localhost:3000/_next/static/chunks/src_07gu~8y._.js → 200 (65ms, 88278B)
[2026-04-23T19:15:48.616Z] GET http://localhost:3000/_next/static/chunks/src_app_admin_postulaciones_page_tsx_0cjl1om._.js → 200 (63ms, 286B)
[2026-04-23T19:15:48.616Z] GET http://localhost:3000/_next/static/chunks/node_modules_next_dist_client_components_builtin_global-error_090xhm~.js → 200 (63ms, 212B)
[2026-04-23T19:15:48.707Z] GET http://localhost:3000/_next/static/chunks/%5Bturbopack%5D_browser_dev_hmr-client_hmr-client_ts_0yjw1oe._.js → 200 (98ms, 15615B)
[2026-04-23T19:15:48.707Z] GET http://localhost:3000/_next/static/chunks/%5Bturbopack%5D_browser_dev_hmr-client_hmr-client_ts_10mygs7._.js → 200 (100ms, 289B)
[2026-04-23T19:15:48.809Z] GET http://localhost:3000/__nextjs_font/geist-latin.woff2 → 200 (?ms, ?B)
[2026-04-23T19:15:48.870Z] GET http://localhost:3000/api/admin/applications → pending (?ms, ?B)
[2026-04-23T19:17:11.843Z] GET http://localhost:3000/admin/postulaciones → 200 (80ms, 22656B)
[2026-04-23T19:17:11.933Z] GET http://localhost:3000/_next/static/media/e8f2fbee2754df70-s.p.0fzkl03jw-sdz.woff2 → 200 (?ms, ?B)
[2026-04-23T19:17:11.937Z] GET http://localhost:3000/_next/static/chunks/%5Broot-of-the-server%5D__0q_9jdy._.css → 304 (1ms, ?B)
[2026-04-23T19:17:11.937Z] GET http://localhost:3000/_next/static/chunks/%5Bturbopack%5D_browser_dev_hmr-client_hmr-client_ts_10z625~._.js → 200 (2ms, 675B)
[2026-04-23T19:17:11.937Z] GET http://localhost:3000/_next/static/chunks/node_modules_next_dist_compiled_next-devtools_index_0553esy.js → 200 (63ms, 746646B)
[2026-04-23T19:17:11.937Z] GET http://localhost:3000/_next/static/chunks/node_modules_next_dist_compiled_react-dom_058-ah~._.js → 200 (64ms, 1057980B)
[2026-04-23T19:17:11.937Z] GET http://localhost:3000/_next/static/chunks/node_modules_next_dist_compiled_react-server-dom-turbopack_0p3wegg._.js → 200 (25ms, 174634B)
[2026-04-23T19:17:11.937Z] GET http://localhost:3000/_next/static/chunks/node_modules_next_dist_compiled_0rpq4pf._.js → 200 (28ms, 144344B)
[2026-04-23T19:17:11.937Z] GET http://localhost:3000/_next/static/chunks/node_modules_next_dist_client_0fhqo1d._.js → 200 (69ms, 742815B)
[2026-04-23T19:17:11.937Z] GET http://localhost:3000/_next/static/chunks/node_modules_next_dist_115brz8._.js → 200 (47ms, 246103B)
[2026-04-23T19:17:11.937Z] GET http://localhost:3000/_next/static/chunks/node_modules_%40swc_helpers_cjs_0-4ujiy._.js → 200 (41ms, 1984B)
[2026-04-23T19:17:11.937Z] GET http://localhost:3000/_next/static/chunks/_0rqeker._.js → 200 (43ms, 756B)
[2026-04-23T19:17:11.937Z] GET http://localhost:3000/_next/static/chunks/turbopack-_0p44nws._.js → 200 (50ms, 92351B)
[2026-04-23T19:17:11.937Z] GET http://localhost:3000/_next/static/chunks/node_modules_0m7pi5w._.js → 200 (64ms, 345089B)
[2026-04-23T19:17:11.937Z] GET http://localhost:3000/_next/static/chunks/src_components_ui_sonner_tsx_0xbt7ar._.js → 200 (47ms, 8498B)
[2026-04-23T19:17:11.937Z] GET http://localhost:3000/_next/static/chunks/src_app_layout_tsx_004glpo._.js → 200 (47ms, 363B)
[2026-04-23T19:17:11.937Z] GET http://localhost:3000/_next/static/chunks/node_modules_0u-g930._.js → 200 (56ms, 192830B)
[2026-04-23T19:17:11.937Z] GET http://localhost:3000/_next/static/chunks/src_0ktpwnt._.js → 200 (50ms, 16218B)
[2026-04-23T19:17:11.937Z] GET http://localhost:3000/_next/static/chunks/src_app_admin_layout_tsx_090xhm~._.js → 200 (49ms, 286B)
[2026-04-23T19:17:11.937Z] GET http://localhost:3000/_next/static/chunks/node_modules_06nwk~-._.js → 200 (65ms, 239870B)
[2026-04-23T19:17:11.937Z] GET http://localhost:3000/_next/static/chunks/src_07gu~8y._.js → 200 (58ms, 88278B)
[2026-04-23T19:17:11.937Z] GET http://localhost:3000/_next/static/chunks/src_app_admin_postulaciones_page_tsx_0cjl1om._.js → 200 (54ms, 286B)
[2026-04-23T19:17:11.937Z] GET http://localhost:3000/_next/static/chunks/node_modules_next_dist_client_components_builtin_global-error_090xhm~.js → 200 (54ms, 212B)
[2026-04-23T19:17:12.026Z] GET http://localhost:3000/_next/static/chunks/%5Bturbopack%5D_browser_dev_hmr-client_hmr-client_ts_0yjw1oe._.js → 200 (120ms, 15615B)
[2026-04-23T19:17:12.026Z] GET http://localhost:3000/_next/static/chunks/%5Bturbopack%5D_browser_dev_hmr-client_hmr-client_ts_10mygs7._.js → 200 (120ms, 289B)
[2026-04-23T19:17:12.151Z] GET http://localhost:3000/__nextjs_font/geist-latin.woff2 → 200 (?ms, ?B)
[2026-04-23T19:17:12.227Z] GET http://localhost:3000/api/admin/applications → pending (?ms, ?B)
[2026-04-23T19:17:19.592Z] PATCH http://localhost:3000/api/admin/applications → pending (?ms, ?B)
[2026-04-23T19:17:59.065Z] GET http://localhost:3000/admin/postulaciones?_rsc=1uvwy → pending (?ms, ?B)
[2026-04-23T19:17:59.214Z] GET http://localhost:3000/admin/postulaciones?_rsc=1uvwy → pending (?ms, ?B)
[2026-04-23T19:17:59.350Z] GET http://localhost:3000/admin/postulaciones?_rsc=1uvwy → pending (?ms, ?B)
[2026-04-23T19:17:59.483Z] GET http://localhost:3000/admin/postulaciones?_rsc=1uvwy → pending (?ms, ?B)
[2026-04-23T19:17:59.632Z] GET http://localhost:3000/admin/postulaciones?_rsc=1uvwy → pending (?ms, ?B)
[2026-04-23T19:17:59.766Z] GET http://localhost:3000/admin/postulaciones?_rsc=1uvwy → pending (?ms, ?B)
[2026-04-23T19:17:59.898Z] GET http://localhost:3000/admin/postulaciones?_rsc=1uvwy → pending (?ms, ?B)
[2026-04-23T19:17:59.904Z] GET http://localhost:3000/admin/postulaciones?_rsc=1uvwy → pending (?ms, ?B)
[2026-04-23T19:17:59.908Z] GET http://localhost:3000/admin/postulaciones?_rsc=1uvwy → pending (?ms, ?B)
[2026-04-23T19:17:59.912Z] GET http://localhost:3000/admin/postulaciones?_rsc=1uvwy → pending (?ms, ?B)
[2026-04-23T19:17:59.915Z] GET http://localhost:3000/admin/postulaciones?_rsc=1uvwy → pending (?ms, ?B)
[2026-04-23T19:23:47.529Z] GET http://localhost:3000/admin/postulaciones?_rsc=1uvwy → pending (?ms, ?B)
[2026-04-23T19:23:47.565Z] GET http://localhost:3000/_next/static/chunks/%5Broot-of-the-server%5D__0q_9jdy._.css → pending (?ms, ?B)
[2026-04-23T19:23:48.055Z] POST http://localhost:3000/__nextjs_original-stack-frames → 200 (11ms, 12147B)
[2026-04-23T19:23:48.056Z] GET http://localhost:3000/__nextjs_font/geist-mono-latin.woff2 → 200 (24ms, 31288B)
[2026-04-23T19:24:06.584Z] GET http://localhost:3000/admin/postulaciones → pending (?ms, ?B)
[2026-04-23T19:24:06.650Z] GET http://localhost:3000/admin/postulaciones → pending (?ms, ?B)
[2026-04-23T19:24:06.785Z] GET http://localhost:3000/admin/postulaciones → pending (?ms, ?B)
[2026-04-23T19:24:07.915Z] GET http://localhost:3000/api/admin/applications → pending (?ms, ?B)
[2026-04-23T19:24:07.925Z] GET http://localhost:3000/_next/image?url=%2Flogo-mf.png&w=128&q=75 → pending (?ms, ?B)
[2026-04-23T19:24:09.232Z] GET http://localhost:3000/_next/static/media/e8f2fbee2754df70-s.p.0fzkl03jw-sdz.woff2 → 200 (1ms, ?B)
[2026-04-23T19:24:09.234Z] GET http://localhost:3000/_next/static/chunks/%5Broot-of-the-server%5D__0q_9jdy._.css → 304 (78ms, ?B)
[2026-04-23T19:24:09.289Z] GET http://localhost:3000/_next/static/chunks/%5Bturbopack%5D_browser_dev_hmr-client_hmr-client_ts_10z625~._.js → 200 (49ms, 675B)
[2026-04-23T19:24:09.289Z] GET http://localhost:3000/_next/static/chunks/node_modules_next_dist_compiled_next-devtools_index_0553esy.js → 200 (101ms, 746646B)
[2026-04-23T19:24:09.290Z] GET http://localhost:3000/_next/static/chunks/node_modules_next_dist_compiled_react-dom_058-ah~._.js → 200 (72ms, 1057980B)
[2026-04-23T19:24:09.290Z] GET http://localhost:3000/_next/static/chunks/node_modules_next_dist_compiled_react-server-dom-turbopack_0p3wegg._.js → 200 (50ms, 174634B)
[2026-04-23T19:24:09.290Z] GET http://localhost:3000/_next/static/chunks/node_modules_next_dist_compiled_0rpq4pf._.js → 200 (62ms, 144344B)
[2026-04-23T19:24:09.290Z] GET http://localhost:3000/_next/static/chunks/node_modules_next_dist_client_0fhqo1d._.js → 200 (106ms, 742815B)
[2026-04-23T19:24:09.290Z] GET http://localhost:3000/_next/static/chunks/node_modules_next_dist_115brz8._.js → 200 (105ms, 246103B)
[2026-04-23T19:24:09.291Z] GET http://localhost:3000/_next/static/chunks/node_modules_%40swc_helpers_cjs_0-4ujiy._.js → 200 (103ms, 1984B)
[2026-04-23T19:24:09.291Z] GET http://localhost:3000/_next/static/chunks/_0rqeker._.js → 200 (101ms, 756B)
[2026-04-23T19:24:09.291Z] GET http://localhost:3000/_next/static/chunks/turbopack-_0p44nws._.js → 200 (104ms, 92351B)
[2026-04-23T19:24:09.291Z] GET http://localhost:3000/_next/static/chunks/node_modules_0m7pi5w._.js → 200 (128ms, 345089B)
[2026-04-23T19:24:09.291Z] GET http://localhost:3000/_next/static/chunks/src_components_ui_sonner_tsx_0xbt7ar._.js → 200 (125ms, 8498B)
[2026-04-23T19:24:09.291Z] GET http://localhost:3000/_next/static/chunks/src_app_layout_tsx_004glpo._.js → 200 (128ms, 363B)
[2026-04-23T19:24:09.291Z] GET http://localhost:3000/_next/static/chunks/node_modules_02h5rg4._.js → 200 (275ms, 333632B)
[2026-04-23T19:24:09.291Z] GET http://localhost:3000/_next/static/chunks/src_0ktpwnt._.js → 200 (272ms, 14083B)
[2026-04-23T19:24:09.291Z] GET http://localhost:3000/_next/static/chunks/src_app_admin_layout_tsx_090xhm~._.js → 200 (271ms, 286B)
[2026-04-23T19:24:09.291Z] GET http://localhost:3000/_next/static/chunks/node_modules_06nwk~-._.js → 200 (271ms, 239870B)
[2026-04-23T19:24:09.292Z] GET http://localhost:3000/_next/static/chunks/src_07gu~8y._.js → 200 (272ms, 88240B)
[2026-04-23T19:24:09.292Z] GET http://localhost:3000/_next/static/chunks/src_app_admin_postulaciones_page_tsx_12p5-4e._.js → 200 (272ms, 286B)
[2026-04-23T19:24:09.292Z] GET http://localhost:3000/_next/static/chunks/node_modules_next_dist_client_components_builtin_global-error_090xhm~.js → 200 (271ms, 212B)
[2026-04-23T19:24:09.317Z] GET http://localhost:3000/_next/image?url=%2Flogo-mf.png&w=128&q=75 → 200 (150ms, 2736B)
[2026-04-23T19:24:09.414Z] GET http://localhost:3000/_next/static/chunks/%5Bturbopack%5D_browser_dev_hmr-client_hmr-client_ts_0yjw1oe._.js → 200 (151ms, 15615B)
[2026-04-23T19:24:09.414Z] GET http://localhost:3000/_next/static/chunks/%5Bturbopack%5D_browser_dev_hmr-client_hmr-client_ts_10mygs7._.js → 200 (151ms, 289B)
[2026-04-23T19:24:09.541Z] GET http://localhost:3000/__nextjs_font/geist-latin.woff2 → 200 (?ms, ?B)
[2026-04-23T19:24:09.541Z] GET http://localhost:3000/__nextjs_font/geist-mono-latin.woff2 → 200 (1ms, ?B)
[2026-04-23T19:24:09.665Z] GET http://localhost:3000/api/admin/applications → pending (?ms, ?B)
[2026-04-23T19:24:09.917Z] POST http://localhost:3000/__nextjs_original-stack-frames → 200 (14ms, 10591B)
[2026-04-23T19:24:19.570Z] GET http://localhost:3000/admin/postulaciones → pending (?ms, ?B)
[2026-04-23T19:24:20.133Z] GET http://localhost:3000/_next/static/media/e8f2fbee2754df70-s.p.0fzkl03jw-sdz.woff2 → 200 (1ms, ?B)
[2026-04-23T19:24:20.135Z] GET http://localhost:3000/_next/static/chunks/%5Broot-of-the-server%5D__0q_9jdy._.css → 304 (65ms, ?B)
[2026-04-23T19:24:20.172Z] GET http://localhost:3000/_next/static/chunks/%5Bturbopack%5D_browser_dev_hmr-client_hmr-client_ts_10z625~._.js → 304 (53ms, ?B)
[2026-04-23T19:24:20.172Z] GET http://localhost:3000/_next/static/chunks/node_modules_next_dist_compiled_next-devtools_index_0553esy.js → 304 (33ms, ?B)
[2026-04-23T19:24:20.173Z] GET http://localhost:3000/_next/static/chunks/node_modules_next_dist_compiled_react-dom_058-ah~._.js → 304 (47ms, ?B)
[2026-04-23T19:24:20.173Z] GET http://localhost:3000/_next/static/chunks/node_modules_next_dist_compiled_react-server-dom-turbopack_0p3wegg._.js → 304 (51ms, ?B)
[2026-04-23T19:24:20.175Z] GET http://localhost:3000/_next/static/chunks/node_modules_next_dist_compiled_0rpq4pf._.js → 304 (51ms, ?B)
[2026-04-23T19:24:20.175Z] GET http://localhost:3000/_next/static/chunks/node_modules_next_dist_client_0fhqo1d._.js → 304 (60ms, ?B)
[2026-04-23T19:24:20.176Z] GET http://localhost:3000/_next/static/chunks/node_modules_next_dist_115brz8._.js → 304 (62ms, ?B)
[2026-04-23T19:24:20.176Z] GET http://localhost:3000/_next/static/chunks/node_modules_%40swc_helpers_cjs_0-4ujiy._.js → 304 (63ms, ?B)
[2026-04-23T19:24:20.176Z] GET http://localhost:3000/_next/static/chunks/_0rqeker._.js → 304 (63ms, ?B)
[2026-04-23T19:24:20.176Z] GET http://localhost:3000/_next/static/chunks/turbopack-_0p44nws._.js → 304 (63ms, ?B)
[2026-04-23T19:24:20.176Z] GET http://localhost:3000/_next/static/chunks/node_modules_0m7pi5w._.js → 304 (70ms, ?B)
[2026-04-23T19:24:20.176Z] GET http://localhost:3000/_next/static/chunks/src_components_ui_sonner_tsx_0xbt7ar._.js → 304 (71ms, ?B)
[2026-04-23T19:24:20.176Z] GET http://localhost:3000/_next/static/chunks/src_app_layout_tsx_004glpo._.js → 304 (115ms, ?B)
[2026-04-23T19:24:20.176Z] GET http://localhost:3000/_next/static/chunks/node_modules_02h5rg4._.js → 304 (118ms, ?B)
[2026-04-23T19:24:20.176Z] GET http://localhost:3000/_next/static/chunks/src_0ktpwnt._.js → 304 (119ms, ?B)
[2026-04-23T19:24:20.176Z] GET http://localhost:3000/_next/static/chunks/src_app_admin_layout_tsx_090xhm~._.js → 304 (119ms, ?B)
[2026-04-23T19:24:20.176Z] GET http://localhost:3000/_next/static/chunks/node_modules_06nwk~-._.js → 304 (120ms, ?B)
[2026-04-23T19:24:20.176Z] GET http://localhost:3000/_next/static/chunks/src_07gu~8y._.js → 304 (120ms, ?B)
[2026-04-23T19:24:20.176Z] GET http://localhost:3000/_next/static/chunks/src_app_admin_postulaciones_page_tsx_12p5-4e._.js → 304 (121ms, ?B)
[2026-04-23T19:24:20.176Z] GET http://localhost:3000/_next/static/chunks/node_modules_next_dist_client_components_builtin_global-error_090xhm~.js → 304 (124ms, ?B)
[2026-04-23T19:24:20.276Z] GET http://localhost:3000/_next/static/chunks/%5Bturbopack%5D_browser_dev_hmr-client_hmr-client_ts_0yjw1oe._.js → 304 (32ms, ?B)
[2026-04-23T19:24:20.276Z] GET http://localhost:3000/_next/static/chunks/%5Bturbopack%5D_browser_dev_hmr-client_hmr-client_ts_10mygs7._.js → 304 (32ms, ?B)
[2026-04-23T19:24:20.284Z] GET http://localhost:3000/_next/image?url=%2Flogo-mf.png&w=128&q=75 → 304 (23ms, ?B)
[2026-04-23T19:24:20.314Z] GET http://localhost:3000/__nextjs_font/geist-latin.woff2 → 200 (?ms, ?B)
[2026-04-23T19:24:20.314Z] GET http://localhost:3000/__nextjs_font/geist-mono-latin.woff2 → 200 (1ms, ?B)
[2026-04-23T19:24:20.422Z] GET http://localhost:3000/api/admin/applications → pending (?ms, ?B)
[2026-04-23T19:24:21.188Z] POST http://localhost:3000/__nextjs_original-stack-frames → 200 (11ms, 10591B)
[2026-04-23T19:24:26.572Z] GET http://localhost:3000/admin/postulaciones → pending (?ms, ?B)
[2026-04-23T19:24:27.453Z] GET http://localhost:3000/_next/static/media/e8f2fbee2754df70-s.p.0fzkl03jw-sdz.woff2 → 200 (1ms, ?B)
[2026-04-23T19:24:27.454Z] GET http://localhost:3000/_next/static/chunks/%5Broot-of-the-server%5D__0q_9jdy._.css → 304 (16ms, ?B)
[2026-04-23T19:24:27.459Z] GET http://localhost:3000/_next/static/chunks/%5Bturbopack%5D_browser_dev_hmr-client_hmr-client_ts_10z625~._.js → 304 (19ms, ?B)
[2026-04-23T19:24:27.459Z] GET http://localhost:3000/_next/static/chunks/node_modules_next_dist_compiled_next-devtools_index_0553esy.js → 304 (20ms, ?B)
[2026-04-23T19:24:27.462Z] GET http://localhost:3000/_next/static/chunks/node_modules_next_dist_compiled_react-dom_058-ah~._.js → 304 (19ms, ?B)
[2026-04-23T19:24:27.462Z] GET http://localhost:3000/_next/static/chunks/node_modules_next_dist_compiled_react-server-dom-turbopack_0p3wegg._.js → 304 (19ms, ?B)
[2026-04-23T19:24:27.462Z] GET http://localhost:3000/_next/static/chunks/node_modules_next_dist_compiled_0rpq4pf._.js → 304 (25ms, ?B)
[2026-04-23T19:24:27.462Z] GET http://localhost:3000/_next/static/chunks/node_modules_next_dist_client_0fhqo1d._.js → 304 (25ms, ?B)
[2026-04-23T19:24:27.462Z] GET http://localhost:3000/_next/static/chunks/node_modules_next_dist_115brz8._.js → 304 (29ms, ?B)
[2026-04-23T19:24:27.462Z] GET http://localhost:3000/_next/static/chunks/node_modules_%40swc_helpers_cjs_0-4ujiy._.js → 304 (35ms, ?B)
[2026-04-23T19:24:27.462Z] GET http://localhost:3000/_next/static/chunks/_0rqeker._.js → 304 (29ms, ?B)
[2026-04-23T19:24:27.462Z] GET http://localhost:3000/_next/static/chunks/turbopack-_0p44nws._.js → 304 (31ms, ?B)
[2026-04-23T19:24:27.463Z] GET http://localhost:3000/_next/static/chunks/node_modules_0m7pi5w._.js → 304 (35ms, ?B)
[2026-04-23T19:24:27.463Z] GET http://localhost:3000/_next/static/chunks/src_components_ui_sonner_tsx_0xbt7ar._.js → 304 (56ms, ?B)
[2026-04-23T19:24:27.463Z] GET http://localhost:3000/_next/static/chunks/src_app_layout_tsx_004glpo._.js → 304 (59ms, ?B)
[2026-04-23T19:24:27.463Z] GET http://localhost:3000/_next/static/chunks/node_modules_02h5rg4._.js → 304 (59ms, ?B)
[2026-04-23T19:24:27.463Z] GET http://localhost:3000/_next/static/chunks/src_0ktpwnt._.js → 304 (60ms, ?B)
[2026-04-23T19:24:27.463Z] GET http://localhost:3000/_next/static/chunks/src_app_admin_layout_tsx_090xhm~._.js → 304 (63ms, ?B)
[2026-04-23T19:24:27.464Z] GET http://localhost:3000/_next/static/chunks/node_modules_06nwk~-._.js → 304 (62ms, ?B)
[2026-04-23T19:24:27.464Z] GET http://localhost:3000/_next/static/chunks/src_07gu~8y._.js → 304 (68ms, ?B)
[2026-04-23T19:24:27.464Z] GET http://localhost:3000/_next/static/chunks/src_app_admin_postulaciones_page_tsx_12p5-4e._.js → 304 (69ms, ?B)
[2026-04-23T19:24:27.464Z] GET http://localhost:3000/_next/static/chunks/node_modules_next_dist_client_components_builtin_global-error_090xhm~.js → 304 (72ms, ?B)
[2026-04-23T19:24:27.478Z] GET http://localhost:3000/_next/image?url=%2Flogo-mf.png&w=128&q=75 → 304 (68ms, ?B)
[2026-04-23T19:24:27.515Z] GET http://localhost:3000/_next/static/chunks/%5Bturbopack%5D_browser_dev_hmr-client_hmr-client_ts_0yjw1oe._.js → 304 (35ms, ?B)
[2026-04-23T19:24:27.515Z] GET http://localhost:3000/_next/static/chunks/%5Bturbopack%5D_browser_dev_hmr-client_hmr-client_ts_10mygs7._.js → 304 (36ms, ?B)
[2026-04-23T19:24:27.545Z] GET http://localhost:3000/__nextjs_font/geist-latin.woff2 → 200 (1ms, ?B)
[2026-04-23T19:24:27.546Z] GET http://localhost:3000/__nextjs_font/geist-mono-latin.woff2 → 200 (?ms, ?B)
[2026-04-23T19:24:27.604Z] GET http://localhost:3000/api/admin/applications → pending (?ms, ?B)
[2026-04-23T19:24:28.171Z] GET http://localhost:3000/admin/postulaciones?_rsc=1uvwy → 200 (307ms, 10788B)
[2026-04-23T19:24:28.180Z] GET http://localhost:3000/_next/static/chunks/%5Broot-of-the-server%5D__0q_9jdy._.css → 200 (593ms, 75249B)
[2026-04-23T19:25:07.475Z] GET http://localhost:3000/admin/postulaciones → 200 (250ms, 22723B)
[2026-04-23T19:25:07.737Z] GET http://localhost:3000/_next/static/media/e8f2fbee2754df70-s.p.0fzkl03jw-sdz.woff2 → 200 (?ms, ?B)
[2026-04-23T19:25:07.740Z] GET http://localhost:3000/_next/static/chunks/%5Broot-of-the-server%5D__0q_9jdy._.css → 304 (1ms, ?B)
[2026-04-23T19:25:07.740Z] GET http://localhost:3000/_next/static/chunks/%5Bturbopack%5D_browser_dev_hmr-client_hmr-client_ts_10z625~._.js → 200 (5ms, 675B)
[2026-04-23T19:25:07.740Z] GET http://localhost:3000/_next/static/chunks/node_modules_next_dist_compiled_next-devtools_index_0553esy.js → 200 (65ms, 746646B)
[2026-04-23T19:25:07.740Z] GET http://localhost:3000/_next/static/chunks/node_modules_next_dist_compiled_react-dom_058-ah~._.js → 200 (61ms, 1057980B)
[2026-04-23T19:25:07.740Z] GET http://localhost:3000/_next/static/chunks/node_modules_next_dist_compiled_react-server-dom-turbopack_0p3wegg._.js → 200 (25ms, 174634B)
[2026-04-23T19:25:07.740Z] GET http://localhost:3000/_next/static/chunks/node_modules_next_dist_compiled_0rpq4pf._.js → 200 (27ms, 144344B)
[2026-04-23T19:25:07.740Z] GET http://localhost:3000/_next/static/chunks/node_modules_next_dist_client_0fhqo1d._.js → 200 (61ms, 742815B)
[2026-04-23T19:25:07.740Z] GET http://localhost:3000/_next/static/chunks/node_modules_next_dist_115brz8._.js → 200 (35ms, 246103B)
[2026-04-23T19:25:07.740Z] GET http://localhost:3000/_next/static/chunks/node_modules_%40swc_helpers_cjs_0-4ujiy._.js → 200 (56ms, 1984B)
[2026-04-23T19:25:07.740Z] GET http://localhost:3000/_next/static/chunks/_0rqeker._.js → 200 (56ms, 756B)
[2026-04-23T19:25:07.740Z] GET http://localhost:3000/_next/static/chunks/turbopack-_0p44nws._.js → 200 (60ms, 92351B)
[2026-04-23T19:25:07.740Z] GET http://localhost:3000/_next/static/chunks/node_modules_0m7pi5w._.js → 200 (63ms, 345089B)
[2026-04-23T19:25:07.740Z] GET http://localhost:3000/_next/static/chunks/src_components_ui_sonner_tsx_0xbt7ar._.js → 200 (59ms, 8498B)
[2026-04-23T19:25:07.740Z] GET http://localhost:3000/_next/static/chunks/src_app_layout_tsx_004glpo._.js → 200 (60ms, 363B)
[2026-04-23T19:25:07.740Z] GET http://localhost:3000/_next/static/chunks/node_modules_02h5rg4._.js → 200 (65ms, 333632B)
[2026-04-23T19:25:07.740Z] GET http://localhost:3000/_next/static/chunks/src_0ktpwnt._.js → 200 (61ms, 14083B)
[2026-04-23T19:25:07.740Z] GET http://localhost:3000/_next/static/chunks/src_app_admin_layout_tsx_090xhm~._.js → 200 (60ms, 286B)
[2026-04-23T19:25:07.740Z] GET http://localhost:3000/_next/static/chunks/node_modules_06nwk~-._.js → 200 (62ms, 239870B)
[2026-04-23T19:25:07.740Z] GET http://localhost:3000/_next/static/chunks/src_07gu~8y._.js → 200 (66ms, 84863B)
[2026-04-23T19:25:07.740Z] GET http://localhost:3000/_next/static/chunks/src_app_admin_postulaciones_page_tsx_12p5-4e._.js → 200 (61ms, 286B)
[2026-04-23T19:25:07.740Z] GET http://localhost:3000/_next/static/chunks/node_modules_next_dist_client_components_builtin_global-error_090xhm~.js → 200 (63ms, 212B)
[2026-04-23T19:25:07.745Z] GET http://localhost:3000/_next/image?url=%2Flogo-mf.png&w=128&q=75 → 304 (54ms, ?B)
[2026-04-23T19:25:07.829Z] GET http://localhost:3000/_next/static/chunks/%5Bturbopack%5D_browser_dev_hmr-client_hmr-client_ts_0yjw1oe._.js → 200 (116ms, 15615B)
[2026-04-23T19:25:07.829Z] GET http://localhost:3000/_next/static/chunks/%5Bturbopack%5D_browser_dev_hmr-client_hmr-client_ts_10mygs7._.js → 200 (117ms, 289B)
[2026-04-23T19:25:07.942Z] GET http://localhost:3000/__nextjs_font/geist-latin.woff2 → 200 (1ms, ?B)
[2026-04-23T19:25:07.943Z] GET http://localhost:3000/__nextjs_font/geist-mono-latin.woff2 → 200 (2ms, ?B)
[2026-04-23T19:25:08.001Z] GET http://localhost:3000/api/admin/applications → pending (?ms, ?B)
